I'm sorry, but errors were detected in your script. Please correct the
errors listed below, and try again.


File "game/screens.rpy", line 925: 'player_pos' is not a keyword argument or valid child of the for statement.
    player_pos = p_pos
              ^

Ren'Py Version: Ren'Py 8.5.2.26010301
Thu Mar  5 23:04:40 2026
